\BOOKMARK [1][-]{section.1}{Scope}{}% 1
\BOOKMARK [1][-]{section.2}{Design Goals}{}% 2
\BOOKMARK [1][-]{section.3}{Format Identity}{}% 3
\BOOKMARK [1][-]{section.4}{File Representation}{}% 4
\BOOKMARK [1][-]{section.5}{SciVault-QF Package Format}{}% 5
\BOOKMARK [2][-]{subsection.5.1}{Package Contents}{section.5}% 6
\BOOKMARK [2][-]{subsection.5.2}{Package Manifest}{section.5}% 7
\BOOKMARK [2][-]{subsection.5.3}{Package Paths}{section.5}% 8
\BOOKMARK [2][-]{subsection.5.4}{Packaged Media}{section.5}% 9
\BOOKMARK [1][-]{section.6}{Document Structure}{}% 10
\BOOKMARK [1][-]{section.7}{Question-Set Metadata}{}% 11
\BOOKMARK [1][-]{section.8}{Identifiers}{}% 12
\BOOKMARK [1][-]{section.9}{Common Question Structure}{}% 13
\BOOKMARK [1][-]{section.10}{Text and Mathematical Notation}{}% 14
\BOOKMARK [1][-]{section.11}{Difficulty}{}% 15
\BOOKMARK [1][-]{section.12}{Tags and Learning Objectives}{}% 16
\BOOKMARK [1][-]{section.13}{Multiple-Choice Questions}{}% 17
\BOOKMARK [1][-]{section.14}{Multiple-Select Questions}{}% 18
\BOOKMARK [1][-]{section.15}{True/False Questions}{}% 19
\BOOKMARK [1][-]{section.16}{Short-Answer Questions}{}% 20
\BOOKMARK [1][-]{section.17}{Fill-in-the-Blank Questions}{}% 21
\BOOKMARK [1][-]{section.18}{Numerical Questions}{}% 22
\BOOKMARK [1][-]{section.19}{Hints and Explanations}{}% 23
\BOOKMARK [1][-]{section.20}{Media}{}% 24
\BOOKMARK [1][-]{section.21}{Dynamic Questions}{}% 25
\BOOKMARK [2][-]{subsection.21.1}{Integer Variables}{section.21}% 26
\BOOKMARK [2][-]{subsection.21.2}{Decimal Variables}{section.21}% 27
\BOOKMARK [2][-]{subsection.21.3}{Choice Variables}{section.21}% 28
\BOOKMARK [1][-]{section.22}{Dynamic Expressions}{}% 29
\BOOKMARK [1][-]{section.23}{Randomization}{}% 30
\BOOKMARK [1][-]{section.24}{Extensions}{}% 31
\BOOKMARK [1][-]{section.25}{Separation of Content and Operational Data}{}% 32
\BOOKMARK [1][-]{section.26}{Validation}{}% 33
\BOOKMARK [2][-]{subsection.26.1}{Validation Severity}{section.26}% 34
\BOOKMARK [2][-]{subsection.26.2}{Structural Errors}{section.26}% 35
\BOOKMARK [2][-]{subsection.26.3}{Semantic Errors}{section.26}% 36
\BOOKMARK [2][-]{subsection.26.4}{Warnings}{section.26}% 37
\BOOKMARK [2][-]{subsection.26.5}{Validation Findings}{section.26}% 38
\BOOKMARK [1][-]{section.27}{Unsupported Features}{}% 39
\BOOKMARK [1][-]{section.28}{Accessibility}{}% 40
\BOOKMARK [1][-]{section.29}{Licensing}{}% 41
\BOOKMARK [1][-]{section.30}{Question Types Defined by Version 0.1}{}% 42
\BOOKMARK [1][-]{section.31}{Future Considerations}{}% 43
\BOOKMARK [1][-]{section.32}{Complete Example}{}% 44
\BOOKMARK [1][-]{section.33}{Conformance}{}% 45
\BOOKMARK [1][-]{section.34}{Summary}{}% 46
